[{"name":"calculator","install_state":"Installed","manifest_url":"http://calculator.localhost:8081/manifest.webmanifest","removable":false,"status":"Enabled","update_manifest_url":"","update_state":"Idle","update_url":"https://store.server/calculator/manifest.webmanifest","allowed_auto_download":false,"preloaded":true},{"name":"system","install_state":"Installed","manifest_url":"http://system.localhost:8081/manifest.webmanifest","removable":false,"status":"Enabled","update_manifest_url":"","update_state":"Idle","update_url":"https://store.server/system/manifest.webmanifest","allowed_auto_download":false,"preloaded":true},{"name":"gallery","install_state":"Installed","manifest_url":"http://gallery.localhost:8081/manifest.webmanifest","removable":true,"status":"Enabled","update_manifest_url":"","update_state":"Idle","update_url":"","allowed_auto_download":false,"preloaded":true},{"name":"launcher","install_state":"Installed","manifest_url":"http://launcher.localhost:8081/manifest.webmanifest","removable":false,"status":"Enabled","update_manifest_url":"","update_state":"Idle","update_url":"","allowed_auto_download":false,"preloaded":true}]
